============================= test session starts =============================
platform win32 -- Python 3.13.5, pytest-9.0.2, pluggy-1.6.0
rootdir: C:\Users\ADMIN\AppData\Roaming\Anki2\addons21\Anki-AI-Filler
configfile: pyproject.toml
plugins: mock-3.15.1
collected 327 items / 316 deselected / 11 selected
run-last-failure: rerun previous 11 failures

tests\test_batch_fill.py FF                                              [ 18%]
tests\test_filler.py FFFFFFFFF                                           [100%]

================================== FAILURES ===================================
___________ TestRichFieldBatch.test_rich_field_with_image_provider ____________
tests\test_batch_fill.py:537: in test_rich_field_with_image_provider
    assert '<img src="ai_filler_pic.png">' in html
E   assert '<img src="ai_filler_pic.png">' in 'Definition\n<img src="ai_filler_pic.png"/>\nEnd'
___________ TestRichFieldBatch.test_text_field_with_flags_processed ___________
tests\test_batch_fill.py:582: in test_text_field_with_flags_processed
    assert '<img src="inline.png">' in html
E   assert '<img src="inline.png">' in 'Answer\n<img src="inline.png"/>'
___________________ TestToHtml.test_already_html_untouched ____________________
tests\test_filler.py:135: in test_already_html_untouched
    assert FieldFiller._to_html(html) == html
E   AssertionError: assert 'word\n<br/>\ndefinition' == 'word<br>definition'
E     
E     - word<br>definition
E     + word
E     + <br/>
E     + definition
_________________ TestToHtml.test_html_with_p_tags_untouched __________________
tests\test_filler.py:139: in test_html_with_p_tags_untouched
    assert FieldFiller._to_html(html) == html
E   AssertionError: assert '<p>\n paragraph\n</p>' == '<p>paragraph</p>'
E     
E     - <p>paragraph</p>
E     + <p>
E     +  paragraph
E     + </p>
___________________ TestToHtml.test_html_with_div_untouched ___________________
tests\test_filler.py:143: in test_html_with_div_untouched
    assert FieldFiller._to_html(html) == html
E   AssertionError: assert '<div>\n content\n</div>' == '<div>content</div>'
E     
E     - <div>content</div>
E     + <div>
E     +  content
E     + </div>
__________________ TestRenderFlags.test_image_flag_replaced ___________________
tests\test_filler.py:201: in test_image_flag_replaced
    assert '<img src="ai_filler_test.png">' in html
E   assert '<img src="ai_filler_test.png">' in 'Before\n<img src="ai_filler_test.png"/>\nAfter'
______________________ TestRenderFlags.test_mixed_flags _______________________
tests\test_filler.py:250: in test_mixed_flags
    assert '<img src="pic.png">' in html
E   assert '<img src="pic.png">' in 'Word meaning\n<img src="pic.png"/>\nPronunciation:\n[sound:voice.mp3]\nDone'
___________ TestRenderFlags.test_partial_failure_keeps_other_flags ____________
tests\test_filler.py:363: in test_partial_failure_keeps_other_flags
    assert '<img src="ok.png">' in html
E   assert '<img src="ok.png">' in 'middle\n<img src="ok.png"/>'
__________ TestRenderFlags.test_html_content_newlines_not_converted ___________
tests\test_filler.py:373: in test_html_content_newlines_not_converted
    assert "<p>Definition</p>" in html
E   AssertionError: assert '<p>Definition</p>' in '<p>\n Definition\n</p>\n<p>\n Example\n</p>'
_________ TestRenderFlags.test_html_with_br_tags_not_double_converted _________
tests\test_filler.py:381: in test_html_with_br_tags_not_double_converted
    assert html == "Line one<br><br>Line two"
E   AssertionError: assert 'Line one\n<b...r/>\nLine two' == 'Line one<br><br>Line two'
E     
E     - Line one<br><br>Line two
E     + Line one
E     + <br/>
E     + <br/>
E     + Line two
__________ TestRenderRichContent.test_flags_with_legacy_image_prompt __________
tests\test_filler.py:417: in test_flags_with_legacy_image_prompt
    assert '<img src="img1.png">' in html  # inline flag
    ^^^^^^^^^^^^^^^^^^^^^^^^^^^^^^^^^^^^^
E   assert '<img src="img1.png">' in 'Text\n<img src="img1.png"/><br><br><img src="img2.png">'
=========================== short test summary info ===========================
FAILED tests/test_batch_fill.py::TestRichFieldBatch::test_rich_field_with_image_provider
FAILED tests/test_batch_fill.py::TestRichFieldBatch::test_text_field_with_flags_processed
FAILED tests/test_filler.py::TestToHtml::test_already_html_untouched - Assert...
FAILED tests/test_filler.py::TestToHtml::test_html_with_p_tags_untouched - As...
FAILED tests/test_filler.py::TestToHtml::test_html_with_div_untouched - Asser...
FAILED tests/test_filler.py::TestRenderFlags::test_image_flag_replaced - asse...
FAILED tests/test_filler.py::TestRenderFlags::test_mixed_flags - assert '<img...
FAILED tests/test_filler.py::TestRenderFlags::test_partial_failure_keeps_other_flags
FAILED tests/test_filler.py::TestRenderFlags::test_html_content_newlines_not_converted
FAILED tests/test_filler.py::TestRenderFlags::test_html_with_br_tags_not_double_converted
FAILED tests/test_filler.py::TestRenderRichContent::test_flags_with_legacy_image_prompt
===================== 11 failed, 316 deselected in 0.28s ======================
